[2026-09-20 10:32:25,944 I 29580 3720] (gcs_server.exe) io_service_pool.cc:35: IOServicePool is running with 1 io_service.
[2026-09-20 10:32:25,952 I 29580 3720] (gcs_server.exe) event.cc:234: Set ray event level to warning
[2026-09-20 10:32:25,952 I 29580 3720] (gcs_server.exe) event.cc:342: Ray Event initialized for GCS
[2026-09-20 10:32:25,952 I 29580 3720] (gcs_server.exe) gcs_server.cc:74: GCS storage type is StorageType::IN_MEMORY
[2026-09-20 10:32:25,953 I 29580 3720] (gcs_server.exe) gcs_init_data.cc:42: Loading job table data.
[2026-09-20 10:32:25,953 I 29580 3720] (gcs_server.exe) gcs_init_data.cc:54: Loading node table data.
[2026-09-20 10:32:25,953 I 29580 3720] (gcs_server.exe) gcs_init_data.cc:80: Loading actor table data.
[2026-09-20 10:32:25,953 I 29580 3720] (gcs_server.exe) gcs_init_data.cc:93: Loading actor task spec table data.
[2026-09-20 10:32:25,953 I 29580 3720] (gcs_server.exe) gcs_init_data.cc:66: Loading placement group table data.
[2026-09-20 10:32:25,953 I 29580 3720] (gcs_server.exe) gcs_init_data.cc:46: Finished loading job table data, size = 0
[2026-09-20 10:32:25,953 I 29580 3720] (gcs_server.exe) gcs_init_data.cc:58: Finished loading node table data, size = 0
[2026-09-20 10:32:25,953 I 29580 3720] (gcs_server.exe) gcs_init_data.cc:84: Finished loading actor table data, size = 0
[2026-09-20 10:32:25,953 I 29580 3720] (gcs_server.exe) gcs_init_data.cc:97: Finished loading actor task spec table data, size = 0
[2026-09-20 10:32:25,953 I 29580 3720] (gcs_server.exe) gcs_init_data.cc:71: Finished loading placement group table data, size = 0
[2026-09-20 10:32:25,953 I 29580 3720] (gcs_server.exe) gcs_server.cc:162: No existing server cluster ID found. Generating new ID: 4e14d71f7b5f88a93db4e141c2eb8590afda9746511cc303e6e87c85
[2026-09-20 10:32:25,954 I 29580 3720] (gcs_server.exe) gcs_server.cc:648: Autoscaler V2 enabled: 0
[2026-09-20 10:32:25,955 I 29580 3720] (gcs_server.exe) grpc_server.cc:129: GcsServer server started, listening on port 65123.
[2026-09-20 10:32:26,004 I 29580 3720] (gcs_server.exe) gcs_server.cc:250: GcsNodeManager: 
- RegisterNode request count: 0
- DrainNode request count: 0
- GetAllNodeInfo request count: 0
- GetInternalConfig request count: 0

GcsActorManager: 
- RegisterActor request count: 0
- CreateActor request count: 0
- GetActorInfo request count: 0
- GetNamedActorInfo request count: 0
- GetAllActorInfo request count: 0
- KillActor request count: 0
- ListNamedActors request count: 0
- Registered actors count: 0
- Destroyed actors count: 0
- Named actors count: 0
- Unresolved actors count: 0
- Pending actors count: 0
- Created actors count: 0
- owners_: 0
- actor_to_register_callbacks_: 0
- actor_to_create_callbacks_: 0
- sorted_destroyed_actor_list_: 0

GcsResourceManager: 
- GetAllAvailableResources request count0
- GetAllResourceUsage request count: 0

GcsPlacementGroupManager: 
- CreatePlacementGroup request count: 0
- RemovePlacementGroup request count: 0
- GetPlacementGroup request count: 0
- GetAllPlacementGroup request count: 0
- WaitPlacementGroupUntilReady request count: 0
- GetNamedPlacementGroup request count: 0
- Scheduling pending placement group count: 0
- Registered placement groups count: 0
- Named placement group count: 0
- Pending placement groups count: 0
- Infeasible placement groups count: 0

GcsPublisher {}

[runtime env manager] ID to URIs table:
[runtime env manager] URIs reference table:

GcsTaskManager: 
-Total num task events reported: 0
-Total num status task events dropped: 0
-Total num profile events dropped: 0
-Current num of task events stored: 0
-Total num of actor creation tasks: 0
-Total num of actor tasks: 0
-Total num of normal tasks: 0
-Total num of driver tasks: 0


[2026-09-20 10:32:26,004 I 29580 3720] (gcs_server.exe) gcs_server.cc:844: Event stats:


Global stats: 21 total (10 active)
Queueing time: mean = 7.206 ms, max = 50.526 ms, min = 1.700 us, total = 151.330 ms
Execution time:  mean = 2.415 ms, total = 50.714 ms
Event stats:
	InternalKVGcsService.grpc_client.InternalKVPut - 6 total (6 active), Execution time: mean = 0.000 s, total = 0.000 s, Queueing time: mean = 0.000 s, max = -0.000 s, min = 9223372036.855 s, total = 0.000 s
	GcsInMemoryStore.GetAll - 5 total (0 active), Execution time: mean = 7.940 us, total = 39.700 us, Queueing time: mean = 48.780 us, max = 122.000 us, min = 26.700 us, total = 243.900 us
	PeriodicalRunner.RunFnPeriodically - 4 total (2 active, 1 running), Execution time: mean = 2.250 us, total = 9.000 us, Queueing time: mean = 25.242 ms, max = 50.526 ms, min = 50.441 ms, total = 100.967 ms
	GcsInMemoryStore.Put - 3 total (0 active), Execution time: mean = 16.881 ms, total = 50.642 ms, Queueing time: mean = 16.706 ms, max = 50.103 ms, min = 1.800 us, total = 50.117 ms
	RayletLoadPulled - 1 total (1 active), Execution time: mean = 0.000 s, total = 0.000 s, Queueing time: mean = 0.000 s, max = -0.000 s, min = 9223372036.855 s, total = 0.000 s
	GcsInMemoryStore.Get - 1 total (0 active), Execution time: mean = 22.800 us, total = 22.800 us, Queueing time: mean = 1.700 us, max = 1.700 us, min = 1.700 us, total = 1.700 us
	ClusterResourceManager.ResetRemoteNodeView - 1 total (1 active), Execution time: mean = 0.000 s, total = 0.000 s, Queueing time: mean = 0.000 s, max = -0.000 s, min = 9223372036.855 s, total = 0.000 s


[2026-09-20 10:32:26,004 I 29580 3720] (gcs_server.exe) gcs_server.cc:845: GcsTaskManager Event stats:


Global stats: 2 total (1 active)
Queueing time: mean = 16.050 us, max = 32.100 us, min = 32.100 us, total = 32.100 us
Execution time:  mean = 2.300 us, total = 4.600 us
Event stats:
	PeriodicalRunner.RunFnPeriodically - 1 total (0 active), Execution time: mean = 4.600 us, total = 4.600 us, Queueing time: mean = 32.100 us, max = 32.100 us, min = 32.100 us, total = 32.100 us
	GcsTaskManager.GcJobSummary - 1 total (1 active), Execution time: mean = 0.000 s, total = 0.000 s, Queueing time: mean = 0.000 s, max = -0.000 s, min = 9223372036.855 s, total = 0.000 s


[2026-09-20 10:32:30,313 I 29580 3720] (gcs_server.exe) gcs_node_manager.cc:55: Registering node info, node id = ceb1fa867391dbbf48add409ad872bc3a5a656f986da04016cfef2b1, address = 127.0.0.1, node name = 127.0.0.1
[2026-09-20 10:32:30,313 I 29580 3720] (gcs_server.exe) gcs_node_manager.cc:61: Finished registering node info, node id = ceb1fa867391dbbf48add409ad872bc3a5a656f986da04016cfef2b1, address = 127.0.0.1, node name = 127.0.0.1
[2026-09-20 10:32:30,313 I 29580 3720] (gcs_server.exe) gcs_placement_group_manager.cc:797: A new node: ceb1fa867391dbbf48add409ad872bc3a5a656f986da04016cfef2b1 registered, will try to reschedule all the infeasible placement groups.
[2026-09-20 10:32:31,466 I 29580 3720] (gcs_server.exe) gcs_job_manager.cc:42: Adding job, job id = 01000000, driver pid = 2012
[2026-09-20 10:32:31,466 I 29580 3720] (gcs_server.exe) gcs_job_manager.cc:57: Finished adding job, job id = 01000000, driver pid = 2012
[2026-09-20 10:32:31,624 I 29580 3720] (gcs_server.exe) gcs_job_manager.cc:87: Finished marking job state, job id = 01000000
[2026-09-20 10:32:31,932 I 29580 3720] (gcs_server.exe) gcs_node_manager.cc:128: Shutting down raylet, node id = ceb1fa867391dbbf48add409ad872bc3a5a656f986da04016cfef2b1
[2026-09-20 10:32:31,932 I 29580 3720] (gcs_server.exe) gcs_node_manager.cc:252: Removing node, node id = ceb1fa867391dbbf48add409ad872bc3a5a656f986da04016cfef2b1, node name = 127.0.0.1
[2026-09-20 10:32:31,932 I 29580 3720] (gcs_server.exe) gcs_placement_group_manager.cc:767: Node ceb1fa867391dbbf48add409ad872bc3a5a656f986da04016cfef2b1 failed, rescheduling the placement groups on the dead node.
[2026-09-20 10:32:31,932 I 29580 3720] (gcs_server.exe) gcs_actor_manager.cc:1048: Node ceb1fa867391dbbf48add409ad872bc3a5a656f986da04016cfef2b1 failed, reconstructing actors.
[2026-09-20 10:32:31,932 I 29580 3720] (gcs_server.exe) gcs_job_manager.cc:303: Node ceb1fa867391dbbf48add409ad872bc3a5a656f986da04016cfef2b1 failed, mark all jobs from this node as finished
[2026-09-20 10:32:31,950 I 29580 29132] (gcs_server.exe) ray_syncer-inl.h:318: Failed to read the message from: ceb1fa867391dbbf48add409ad872bc3a5a656f986da04016cfef2b1
[2026-09-20 10:32:31,966 I 29580 3720] (gcs_server.exe) gcs_node_manager.cc:170: Raylet ceb1fa867391dbbf48add409ad872bc3a5a656f986da04016cfef2b1 is drained. Status GrpcUnavailable: RPC Error message: Connection reset; RPC Error details: . The information will be published to the cluster.
[2026-09-20 10:32:31,969 I 29580 3720] (gcs_server.exe) gcs_server_main.cc:111: GCS server received SIGTERM, shutting down...
[2026-09-20 10:32:31,969 I 29580 3720] (gcs_server.exe) gcs_server.cc:272: Stopping GCS server.
[2026-09-20 10:32:31,986 I 29580 3720] (gcs_server.exe) gcs_server.cc:292: GCS server stopped.
[2026-09-20 10:32:31,986 I 29580 3720] (gcs_server.exe) io_service_pool.cc:47: IOServicePool is stopped.
[2026-09-20 10:32:32,104 I 29580 3720] (gcs_server.exe) stats.h:120: Stats module has shutdown.
