[2026-09-20 10:32:30,260 I 24400 26576] (raylet.exe) main.cc:176: Setting cluster ID to: 4e14d71f7b5f88a93db4e141c2eb8590afda9746511cc303e6e87c85
[2026-09-20 10:32:30,265 I 24400 26576] (raylet.exe) main.cc:396: Raylet is not set to kill unknown children.
[2026-09-20 10:32:30,266 I 24400 26576] (raylet.exe) io_service_pool.cc:35: IOServicePool is running with 1 io_service.
[2026-09-20 10:32:30,266 I 24400 26576] (raylet.exe) store_runner.cc:32: Allowing the Plasma store to use up to 0.95115GB of memory.
[2026-09-20 10:32:30,266 I 24400 26576] (raylet.exe) store_runner.cc:48: Starting object store with directory E:\GOPS\.setup-tmp, fallback E:\GOPS\.setup-tmp\ray_check, and huge page support disabled
[2026-09-20 10:32:30,267 I 24400 25728] (raylet.exe) store.cc:564: ========== Plasma store: =================
Current usage: 0 / 0.95115 GB
- num bytes created total: 0
0 pending objects of total size 0MB
- objects spillable: 0
- bytes spillable: 0
- objects unsealed: 0
- bytes unsealed: 0
- objects in use: 0
- bytes in use: 0
- objects evictable: 0
- bytes evictable: 0

- objects created by worker: 0
- bytes created by worker: 0
- objects restored: 0
- bytes restored: 0
- objects received: 0
- bytes received: 0
- objects errored: 0
- bytes errored: 0

[2026-09-20 10:32:30,284 I 24400 26576] (raylet.exe) grpc_server.cc:129: ObjectManager server started, listening on port 61096.
[2026-09-20 10:32:30,286 I 24400 26576] (raylet.exe) worker_killing_policy.cc:101: Running GroupByOwner policy.
[2026-09-20 10:32:30,286 W 24400 26576] (raylet.exe) memory_monitor.cc:67: Not running MemoryMonitor. It is currently supported only on Linux.
[2026-09-20 10:32:30,286 I 24400 26576] (raylet.exe) node_manager.cc:282: Initializing NodeManager with ID ceb1fa867391dbbf48add409ad872bc3a5a656f986da04016cfef2b1
[2026-09-20 10:32:30,287 I 24400 26576] (raylet.exe) grpc_server.cc:129: NodeManager server started, listening on port 61098.
[2026-09-20 10:32:30,298 I 24400 29996] (raylet.exe) agent_manager.cc:78: Monitor agent process with name dashboard_agent/15724
[2026-09-20 10:32:30,308 I 24400 18812] (raylet.exe) agent_manager.cc:78: Monitor agent process with name runtime_env_agent
[2026-09-20 10:32:30,312 I 24400 26576] (raylet.exe) event.cc:234: Set ray event level to warning
[2026-09-20 10:32:30,312 I 24400 26576] (raylet.exe) event.cc:342: Ray Event initialized for RAYLET
[2026-09-20 10:32:30,314 I 24400 26576] (raylet.exe) raylet.cc:128: Raylet of id, ceb1fa867391dbbf48add409ad872bc3a5a656f986da04016cfef2b1 started. Raylet consists of node_manager and object_manager. node_manager address: 127.0.0.1:61098 object_manager address: 127.0.0.1:61096 hostname: Administrator
[2026-09-20 10:32:30,316 I 24400 26576] (raylet.exe) node_manager.cc:502: [state-dump] NodeManager:
[state-dump] Node ID: ceb1fa867391dbbf48add409ad872bc3a5a656f986da04016cfef2b1
[state-dump] Node name: 127.0.0.1
[state-dump] InitialConfigResources: {accelerator_type:G: 10000, GPU: 10000, node:__internal_head__: 10000, memory: 19023003660000, CPU: 20000, node:127.0.0.1: 10000, object_store_memory: 9511501820000}
[state-dump] ClusterTaskManager:
[state-dump] ========== Node: ceb1fa867391dbbf48add409ad872bc3a5a656f986da04016cfef2b1 =================
[state-dump] Infeasible queue length: 0
[state-dump] Schedule queue length: 0
[state-dump] Dispatch queue length: 0
[state-dump] num_waiting_for_resource: 0
[state-dump] num_waiting_for_plasma_memory: 0
[state-dump] num_waiting_for_remote_node_resources: 0
[state-dump] num_worker_not_started_by_job_config_not_exist: 0
[state-dump] num_worker_not_started_by_registration_timeout: 0
[state-dump] num_tasks_waiting_for_workers: 0
[state-dump] num_cancelled_tasks: 0
[state-dump] cluster_resource_scheduler state: 
[state-dump] Local id: 3817602848919334538 Local resources: {"total":{GPU: [10000], CPU: [20000], node:__internal_head__: [10000], memory: [19023003660000], node:127.0.0.1: [10000], accelerator_type:G: [10000], object_store_memory: [9511501820000]}}, "available": {GPU: [10000], CPU: [20000], node:__internal_head__: [10000], memory: [19023003660000], node:127.0.0.1: [10000], accelerator_type:G: [10000], object_store_memory: [9511501820000]}}, "labels":{"ray.io/node_id":"ceb1fa867391dbbf48add409ad872bc3a5a656f986da04016cfef2b1",} is_draining: 0 is_idle: 1 Cluster resources: node id: 3817602848919334538{"total":{CPU: 20000, accelerator_type:G: 10000, GPU: 10000, memory: 19023003660000, node:127.0.0.1: 10000, node:__internal_head__: 10000, object_store_memory: 9511501820000}}, "available": {object_store_memory: 9511501820000, accelerator_type:G: 10000, GPU: 10000, memory: 19023003660000, node:__internal_head__: 10000, node:127.0.0.1: 10000, CPU: 20000}}, "labels":{"ray.io/node_id":"ceb1fa867391dbbf48add409ad872bc3a5a656f986da04016cfef2b1",}, "is_draining": 0, "draining_deadline_timestamp_ms": -1} { "placment group locations": [], "node to bundles": []}
[state-dump] Waiting tasks size: 0
[state-dump] Number of executing tasks: 0
[state-dump] Number of pinned task arguments: 0
[state-dump] Number of total spilled tasks: 0
[state-dump] Number of spilled waiting tasks: 0
[state-dump] Number of spilled unschedulable tasks: 0
[state-dump] Resource usage {
[state-dump] }
[state-dump] Running tasks by scheduling class:
[state-dump] ==================================================
[state-dump] 
[state-dump] ClusterResources:
[state-dump] LocalObjectManager:
[state-dump] - num pinned objects: 0
[state-dump] - pinned objects size: 0
[state-dump] - num objects pending restore: 0
[state-dump] - num objects pending spill: 0
[state-dump] - num bytes pending spill: 0
[state-dump] - num bytes currently spilled: 0
[state-dump] - cumulative spill requests: 0
[state-dump] - cumulative restore requests: 0
[state-dump] - spilled objects pending delete: 0
[state-dump] 
[state-dump] ObjectManager:
[state-dump] - num local objects: 0
[state-dump] - num unfulfilled push requests: 0
[state-dump] - num object pull requests: 0
[state-dump] - num chunks received total: 0
[state-dump] - num chunks received failed (all): 0
[state-dump] - num chunks received failed / cancelled: 0
[state-dump] - num chunks received failed / plasma error: 0
[state-dump] Event stats:
[state-dump] Global stats: 0 total (0 active)
[state-dump] Queueing time: mean = -nan(ind) s, max = -0.000 s, min = 9223372036.855 s, total = 0.000 s
[state-dump] Execution time:  mean = -nan(ind) s, total = 0.000 s
[state-dump] Event stats:
[state-dump] PushManager:
[state-dump] - num pushes in flight: 0
[state-dump] - num chunks in flight: 0
[state-dump] - num chunks remaining: 0
[state-dump] - max chunks allowed: 409
[state-dump] OwnershipBasedObjectDirectory:
[state-dump] - num listeners: 0
[state-dump] - cumulative location updates: 0
[state-dump] - num location updates per second: 15000.000
[state-dump] - num location lookups per second: 0.000
[state-dump] - num locations added per second: 0.000
[state-dump] - num locations removed per second: 15000.000
[state-dump] BufferPool:
[state-dump] - create buffer state map size: 0
[state-dump] PullManager:
[state-dump] - num bytes available for pulled objects: 951150182
[state-dump] - num bytes being pulled (all): 0
[state-dump] - num bytes being pulled / pinned: 0
[state-dump] - get request bundles: BundlePullRequestQueue{0 total, 0 active, 0 inactive, 0 unpullable}
[state-dump] - wait request bundles: BundlePullRequestQueue{0 total, 0 active, 0 inactive, 0 unpullable}
[state-dump] - task request bundles: BundlePullRequestQueue{0 total, 0 active, 0 inactive, 0 unpullable}
[state-dump] - first get request bundle: N/A
[state-dump] - first wait request bundle: N/A
[state-dump] - first task request bundle: N/A
[state-dump] - num objects queued: 0
[state-dump] - num objects actively pulled (all): 0
[state-dump] - num objects actively pulled / pinned: 0
[state-dump] - num bundles being pulled: 0
[state-dump] - num pull retries: 0
[state-dump] - max timeout seconds: 0
[state-dump] - max timeout request is already processed. No entry.
[state-dump] 
[state-dump] WorkerPool:
[state-dump] - registered jobs: 0
[state-dump] - process_failed_job_config_missing: 0
[state-dump] - process_failed_rate_limited: 0
[state-dump] - process_failed_pending_registration: 0
[state-dump] - process_failed_runtime_env_setup_failed: 0
[state-dump] - num PYTHON workers: 0
[state-dump] - num PYTHON drivers: 0
[state-dump] - num object spill callbacks queued: 0
[state-dump] - num object restore queued: 0
[state-dump] - num util functions queued: 0
[state-dump] - num idle workers: 0
[state-dump] TaskDependencyManager:
[state-dump] - task deps map size: 0
[state-dump] - get req map size: 0
[state-dump] - wait req map size: 0
[state-dump] - local objects map size: 0
[state-dump] WaitManager:
[state-dump] - num active wait requests: 0
[state-dump] Subscriber:
[state-dump] Channel WORKER_OBJECT_LOCATIONS_CHANNEL
[state-dump] - cumulative subscribe requests: 0
[state-dump] - cumulative unsubscribe requests: 0
[state-dump] - active subscribed publishers: 0
[state-dump] - cumulative published messages: 0
[state-dump] - cumulative processed messages: 0
[state-dump] Channel WORKER_OBJECT_EVICTION
[state-dump] - cumulative subscribe requests: 0
[state-dump] - cumulative unsubscribe requests: 0
[state-dump] - active subscribed publishers: 0
[state-dump] - cumulative published messages: 0
[state-dump] - cumulative processed messages: 0
[state-dump] Channel WORKER_REF_REMOVED_CHANNEL
[state-dump] - cumulative subscribe requests: 0
[state-dump] - cumulative unsubscribe requests: 0
[state-dump] - active subscribed publishers: 0
[state-dump] - cumulative published messages: 0
[state-dump] - cumulative processed messages: 0
[state-dump] num async plasma notifications: 0
[state-dump] Remote node managers: 
[state-dump] Event stats:
[state-dump] Global stats: 25 total (12 active)
[state-dump] Queueing time: mean = 2.704 ms, max = 26.584 ms, min = 7.200 us, total = 67.602 ms
[state-dump] Execution time:  mean = 2.089 ms, total = 52.215 ms
[state-dump] Event stats:
[state-dump] 	PeriodicalRunner.RunFnPeriodically - 10 total (2 active, 1 running), Execution time: mean = 157.370 us, total = 1.574 ms, Queueing time: mean = 6.758 ms, max = 26.584 ms, min = 32.700 us, total = 67.577 ms
[state-dump] 	NodeManager.deadline_timer.spill_objects_when_over_threshold - 1 total (1 active), Execution time: mean = 0.000 s, total = 0.000 s, Queueing time: mean = 0.000 s, max = -0.000 s, min = 9223372036.855 s, total = 0.000 s
[state-dump] 	NodeManager.deadline_timer.flush_free_objects - 1 total (1 active), Execution time: mean = 0.000 s, total = 0.000 s, Queueing time: mean = 0.000 s, max = -0.000 s, min = 9223372036.855 s, total = 0.000 s
[state-dump] 	InternalPubSubGcsService.grpc_client.GcsSubscriberCommandBatch - 1 total (0 active), Execution time: mean = 574.000 us, total = 574.000 us, Queueing time: mean = 0.000 s, max = -0.000 s, min = 9223372036.855 s, total = 0.000 s
[state-dump] 	NodeManager.deadline_timer.debug_state_dump - 1 total (1 active), Execution time: mean = 0.000 s, total = 0.000 s, Queueing time: mean = 0.000 s, max = -0.000 s, min = 9223372036.855 s, total = 0.000 s
[state-dump] 	InternalPubSubGcsService.grpc_client.GcsSubscriberPoll - 1 total (1 active), Execution time: mean = 0.000 s, total = 0.000 s, Queueing time: mean = 0.000 s, max = -0.000 s, min = 9223372036.855 s, total = 0.000 s
[state-dump] 	ClusterResourceManager.ResetRemoteNodeView - 1 total (1 active), Execution time: mean = 0.000 s, total = 0.000 s, Queueing time: mean = 0.000 s, max = -0.000 s, min = 9223372036.855 s, total = 0.000 s
[state-dump] 	NodeInfoGcsService.grpc_client.GetInternalConfig.OnReplyReceived - 1 total (0 active), Execution time: mean = 47.629 ms, total = 47.629 ms, Queueing time: mean = 18.300 us, max = 18.300 us, min = 18.300 us, total = 18.300 us
[state-dump] 	RayletWorkerPool.deadline_timer.kill_idle_workers - 1 total (1 active), Execution time: mean = 0.000 s, total = 0.000 s, Queueing time: mean = 0.000 s, max = -0.000 s, min = 9223372036.855 s, total = 0.000 s
[state-dump] 	NodeInfoGcsService.grpc_client.RegisterNode.OnReplyReceived - 1 total (0 active), Execution time: mean = 347.500 us, total = 347.500 us, Queueing time: mean = 7.200 us, max = 7.200 us, min = 7.200 us, total = 7.200 us
[state-dump] 	NodeInfoGcsService.grpc_client.RegisterNode - 1 total (0 active), Execution time: mean = 1.422 ms, total = 1.422 ms, Queueing time: mean = 0.000 s, max = -0.000 s, min = 9223372036.855 s, total = 0.000 s
[state-dump] 	NodeInfoGcsService.grpc_client.GetInternalConfig - 1 total (0 active), Execution time: mean = 668.000 us, total = 668.000 us, Queueing time: mean = 0.000 s, max = -0.000 s, min = 9223372036.855 s, total = 0.000 s
[state-dump] 	NodeManager.deadline_timer.record_metrics - 1 total (1 active), Execution time: mean = 0.000 s, total = 0.000 s, Queueing time: mean = 0.000 s, max = -0.000 s, min = 9223372036.855 s, total = 0.000 s
[state-dump] 	InternalPubSubGcsService.grpc_client.GcsSubscriberCommandBatch.OnReplyReceived - 1 total (1 active), Execution time: mean = 0.000 s, total = 0.000 s, Queueing time: mean = 0.000 s, max = -0.000 s, min = 9223372036.855 s, total = 0.000 s
[state-dump] 	NodeManager.ScheduleAndDispatchTasks - 1 total (1 active), Execution time: mean = 0.000 s, total = 0.000 s, Queueing time: mean = 0.000 s, max = -0.000 s, min = 9223372036.855 s, total = 0.000 s
[state-dump] 	NodeManager.GCTaskFailureReason - 1 total (1 active), Execution time: mean = 0.000 s, total = 0.000 s, Queueing time: mean = 0.000 s, max = -0.000 s, min = 9223372036.855 s, total = 0.000 s
[state-dump] DebugString() time ms: 1
[state-dump] 
[state-dump] 
[2026-09-20 10:32:30,317 I 24400 26576] (raylet.exe) accessor.cc:627: Received notification for node id = ceb1fa867391dbbf48add409ad872bc3a5a656f986da04016cfef2b1, IsAlive = 1
[2026-09-20 10:32:30,415 I 24400 26576] (raylet.exe) worker_pool.cc:495: Started worker process with pid 21728, the token is 0
[2026-09-20 10:32:30,424 I 24400 26576] (raylet.exe) worker_pool.cc:495: Started worker process with pid 17804, the token is 1
[2026-09-20 10:32:31,422 I 24400 25728] (raylet.exe) object_store.cc:35: Object store current usage 8e-09 / 0.95115 GB.
[2026-09-20 10:32:31,466 I 24400 26576] (raylet.exe) node_manager.cc:587: New job has started. Job id 01000000 Driver pid 2012 is dead: 0 driver address: 127.0.0.1
[2026-09-20 10:32:31,466 I 24400 26576] (raylet.exe) worker_pool.cc:678: Job 01000000 already started in worker pool.
[2026-09-20 10:32:31,623 I 24400 26576] (raylet.exe) node_manager.cc:1399: NodeManager::DisconnectClient, disconnect_type=3, has creation task exception = false
[2026-09-20 10:32:31,623 I 24400 26576] (raylet.exe) node_manager.cc:1504: Driver (pid=2012) is disconnected. job_id: 01000000
[2026-09-20 10:32:31,625 I 24400 26576] (raylet.exe) node_manager.cc:587: New job has started. Job id 01000000 Driver pid 2012 is dead: 1 driver address: 127.0.0.1
[2026-09-20 10:32:31,625 I 24400 26576] (raylet.exe) worker_pool.cc:678: Job 01000000 already started in worker pool.
[2026-09-20 10:32:31,742 I 24400 26576] (raylet.exe) worker_pool.cc:1108: Force exiting worker whose job has exited 2961b528d7fd4c55be79fc5a561b4a61215eb4a51023a65fbc6c1c46
[2026-09-20 10:32:31,745 I 24400 26576] (raylet.exe) node_manager.cc:1399: NodeManager::DisconnectClient, disconnect_type=1, has creation task exception = false
[2026-09-20 10:32:31,932 I 24400 26576] (raylet.exe) main.cc:412: Raylet received SIGTERM, shutting down...
[2026-09-20 10:32:31,932 I 24400 26576] (raylet.exe) accessor.cc:451: Unregistering node info, node id = ceb1fa867391dbbf48add409ad872bc3a5a656f986da04016cfef2b1
[2026-09-20 10:32:31,933 I 24400 26576] (raylet.exe) agent_manager.cc:109: Killing agent dashboard_agent/15724, pid 27552.
[2026-09-20 10:32:31,940 I 24400 18812] (raylet.exe) agent_manager.cc:80: Agent process with name runtime_env_agent exited, exit code -1073741510.
[2026-09-20 10:32:31,940 E 24400 18812] (raylet.exe) agent_manager.cc:84: The raylet exited immediately because one Ray agent failed, agent_name = runtime_env_agent.
The raylet fate shares with the agent. This can happen because
- The version of `grpcio` doesn't follow Ray's requirement. Agent can segfault with the incorrect `grpcio` version. Check the grpcio version `pip freeze | grep grpcio`.
- The agent failed to start because of unexpected error or port conflict. Read the log `cat /tmp/ray/session_latest/logs/{dashboard_agent|runtime_env_agent}.log`. You can find the log file structure here https://docs.ray.io/en/master/ray-observability/ray-logging.html#logging-directory-structure.
- The agent is killed by the OS (e.g., out of memory).
[2026-09-20 10:32:31,940 I 24400 18812] (raylet.exe) raylet_util.h:28: Sending SIGTERM to gracefully shutdown raylet
[2026-09-20 10:32:31,940 I 24400 29996] (raylet.exe) agent_manager.cc:80: Agent process with name dashboard_agent/15724 exited, exit code 1067.
[2026-09-20 10:32:31,940 I 24400 26576] (raylet.exe) agent_manager.cc:109: Killing agent runtime_env_agent, pid 26088.
[2026-09-20 10:32:31,946 E 24400 18812] (raylet.exe) logging.cc:361: *** SIGTERM received at time=1789871551 ***
[2026-09-20 10:32:31,946 E 24400 18812] (raylet.exe) logging.cc:361:     @   00007FF6BE8E5B06  (unknown)  (unknown)
[2026-09-20 10:32:31,946 E 24400 18812] (raylet.exe) logging.cc:361:     @   00007FF6BE8FC5B6  (unknown)  (unknown)
[2026-09-20 10:32:31,947 E 24400 18812] (raylet.exe) logging.cc:361:     @   00007FF6BE8FBCEE  (unknown)  (unknown)
[2026-09-20 10:32:31,947 E 24400 18812] (raylet.exe) logging.cc:361:     @   00007FFF4C09CD30  (unknown)  wcsrchr
[2026-09-20 10:32:31,947 E 24400 18812] (raylet.exe) logging.cc:361:     @   00007FFF4D4BCD87  (unknown)  BaseThreadInitThunk
[2026-09-20 10:32:31,947 E 24400 18812] (raylet.exe) logging.cc:361:     @   00007FFF4EDACAEC  (unknown)  RtlUserThreadStart
