[2026-09-20 10:35:56,075 I 1112 1740] (gcs_server.exe) io_service_pool.cc:35: IOServicePool is running with 1 io_service.
[2026-09-20 10:35:56,082 I 1112 1740] (gcs_server.exe) event.cc:234: Set ray event level to warning
[2026-09-20 10:35:56,082 I 1112 1740] (gcs_server.exe) event.cc:342: Ray Event initialized for GCS
[2026-09-20 10:35:56,082 I 1112 1740] (gcs_server.exe) gcs_server.cc:74: GCS storage type is StorageType::IN_MEMORY
[2026-09-20 10:35:56,083 I 1112 1740] (gcs_server.exe) gcs_init_data.cc:42: Loading job table data.
[2026-09-20 10:35:56,083 I 1112 1740] (gcs_server.exe) gcs_init_data.cc:54: Loading node table data.
[2026-09-20 10:35:56,083 I 1112 1740] (gcs_server.exe) gcs_init_data.cc:80: Loading actor table data.
[2026-09-20 10:35:56,083 I 1112 1740] (gcs_server.exe) gcs_init_data.cc:93: Loading actor task spec table data.
[2026-09-20 10:35:56,083 I 1112 1740] (gcs_server.exe) gcs_init_data.cc:66: Loading placement group table data.
[2026-09-20 10:35:56,083 I 1112 1740] (gcs_server.exe) gcs_init_data.cc:46: Finished loading job table data, size = 0
[2026-09-20 10:35:56,083 I 1112 1740] (gcs_server.exe) gcs_init_data.cc:58: Finished loading node table data, size = 0
[2026-09-20 10:35:56,083 I 1112 1740] (gcs_server.exe) gcs_init_data.cc:84: Finished loading actor table data, size = 0
[2026-09-20 10:35:56,083 I 1112 1740] (gcs_server.exe) gcs_init_data.cc:97: Finished loading actor task spec table data, size = 0
[2026-09-20 10:35:56,083 I 1112 1740] (gcs_server.exe) gcs_init_data.cc:71: Finished loading placement group table data, size = 0
[2026-09-20 10:35:56,083 I 1112 1740] (gcs_server.exe) gcs_server.cc:162: No existing server cluster ID found. Generating new ID: 7aedf8536fda2e70f54e7a49f0dea8576aa8db49bd3fd3bc330964eb
[2026-09-20 10:35:56,084 I 1112 1740] (gcs_server.exe) gcs_server.cc:648: Autoscaler V2 enabled: 0
[2026-09-20 10:35:56,084 I 1112 1740] (gcs_server.exe) grpc_server.cc:129: GcsServer server started, listening on port 58192.
[2026-09-20 10:35:56,127 I 1112 1740] (gcs_server.exe) gcs_server.cc:250: GcsNodeManager: 
- RegisterNode request count: 0
- DrainNode request count: 0
- GetAllNodeInfo request count: 0
- GetInternalConfig request count: 0

GcsActorManager: 
- RegisterActor request count: 0
- CreateActor request count: 0
- GetActorInfo request count: 0
- GetNamedActorInfo request count: 0
- GetAllActorInfo request count: 0
- KillActor request count: 0
- ListNamedActors request count: 0
- Registered actors count: 0
- Destroyed actors count: 0
- Named actors count: 0
- Unresolved actors count: 0
- Pending actors count: 0
- Created actors count: 0
- owners_: 0
- actor_to_register_callbacks_: 0
- actor_to_create_callbacks_: 0
- sorted_destroyed_actor_list_: 0

GcsResourceManager: 
- GetAllAvailableResources request count0
- GetAllResourceUsage request count: 0

GcsPlacementGroupManager: 
- CreatePlacementGroup request count: 0
- RemovePlacementGroup request count: 0
- GetPlacementGroup request count: 0
- GetAllPlacementGroup request count: 0
- WaitPlacementGroupUntilReady request count: 0
- GetNamedPlacementGroup request count: 0
- Scheduling pending placement group count: 0
- Registered placement groups count: 0
- Named placement group count: 0
- Pending placement groups count: 0
- Infeasible placement groups count: 0

GcsPublisher {}

[runtime env manager] ID to URIs table:
[runtime env manager] URIs reference table:

GcsTaskManager: 
-Total num task events reported: 0
-Total num status task events dropped: 0
-Total num profile events dropped: 0
-Current num of task events stored: 0
-Total num of actor creation tasks: 0
-Total num of actor tasks: 0
-Total num of normal tasks: 0
-Total num of driver tasks: 0


[2026-09-20 10:35:56,127 I 1112 1740] (gcs_server.exe) gcs_server.cc:844: Event stats:


Global stats: 33 total (22 active)
Queueing time: mean = 3.940 ms, max = 43.377 ms, min = 1.800 us, total = 130.024 ms
Execution time:  mean = 1.319 ms, total = 43.535 ms
Event stats:
	InternalKVGcsService.grpc_server.InternalKVPut - 6 total (6 active), Execution time: mean = 0.000 s, total = 0.000 s, Queueing time: mean = 0.000 s, max = -0.000 s, min = 9223372036.855 s, total = 0.000 s
	InternalKVGcsService.grpc_server.InternalKVPut.HandleRequestImpl - 6 total (6 active), Execution time: mean = 0.000 s, total = 0.000 s, Queueing time: mean = 0.000 s, max = -0.000 s, min = 9223372036.855 s, total = 0.000 s
	InternalKVGcsService.grpc_client.InternalKVPut - 6 total (6 active), Execution time: mean = 0.000 s, total = 0.000 s, Queueing time: mean = 0.000 s, max = -0.000 s, min = 9223372036.855 s, total = 0.000 s
	GcsInMemoryStore.GetAll - 5 total (0 active), Execution time: mean = 6.920 us, total = 34.600 us, Queueing time: mean = 45.400 us, max = 115.000 us, min = 24.900 us, total = 227.000 us
	PeriodicalRunner.RunFnPeriodically - 4 total (2 active, 1 running), Execution time: mean = 3.700 us, total = 14.800 us, Queueing time: mean = 21.676 ms, max = 43.377 ms, min = 43.328 ms, total = 86.705 ms
	GcsInMemoryStore.Put - 3 total (0 active), Execution time: mean = 14.489 ms, total = 43.468 ms, Queueing time: mean = 14.363 ms, max = 43.079 ms, min = 1.900 us, total = 43.090 ms
	RayletLoadPulled - 1 total (1 active), Execution time: mean = 0.000 s, total = 0.000 s, Queueing time: mean = 0.000 s, max = -0.000 s, min = 9223372036.855 s, total = 0.000 s
	GcsInMemoryStore.Get - 1 total (0 active), Execution time: mean = 16.900 us, total = 16.900 us, Queueing time: mean = 1.800 us, max = 1.800 us, min = 1.800 us, total = 1.800 us
	ClusterResourceManager.ResetRemoteNodeView - 1 total (1 active), Execution time: mean = 0.000 s, total = 0.000 s, Queueing time: mean = 0.000 s, max = -0.000 s, min = 9223372036.855 s, total = 0.000 s


[2026-09-20 10:35:56,127 I 1112 1740] (gcs_server.exe) gcs_server.cc:845: GcsTaskManager Event stats:


Global stats: 2 total (1 active)
Queueing time: mean = 17.250 us, max = 34.500 us, min = 34.500 us, total = 34.500 us
Execution time:  mean = 2.650 us, total = 5.300 us
Event stats:
	PeriodicalRunner.RunFnPeriodically - 1 total (0 active), Execution time: mean = 5.300 us, total = 5.300 us, Queueing time: mean = 34.500 us, max = 34.500 us, min = 34.500 us, total = 34.500 us
	GcsTaskManager.GcJobSummary - 1 total (1 active), Execution time: mean = 0.000 s, total = 0.000 s, Queueing time: mean = 0.000 s, max = -0.000 s, min = 9223372036.855 s, total = 0.000 s


[2026-09-20 10:35:58,598 I 1112 1740] (gcs_server.exe) gcs_node_manager.cc:55: Registering node info, node id = 1c6decc90a51cb55ac4c35da236143127df0aedad883bbaf35588f96, address = 127.0.0.1, node name = 127.0.0.1
[2026-09-20 10:35:58,598 I 1112 1740] (gcs_server.exe) gcs_node_manager.cc:61: Finished registering node info, node id = 1c6decc90a51cb55ac4c35da236143127df0aedad883bbaf35588f96, address = 127.0.0.1, node name = 127.0.0.1
[2026-09-20 10:35:58,598 I 1112 1740] (gcs_server.exe) gcs_placement_group_manager.cc:797: A new node: 1c6decc90a51cb55ac4c35da236143127df0aedad883bbaf35588f96 registered, will try to reschedule all the infeasible placement groups.
[2026-09-20 10:35:59,647 I 1112 1740] (gcs_server.exe) gcs_job_manager.cc:42: Adding job, job id = 01000000, driver pid = 24100
[2026-09-20 10:35:59,647 I 1112 1740] (gcs_server.exe) gcs_job_manager.cc:57: Finished adding job, job id = 01000000, driver pid = 24100
[2026-09-20 10:36:00,748 I 1112 1740] (gcs_server.exe) gcs_actor_manager.cc:262: Registering actor, job id = 01000000, actor id = f83ae68f9a208768bbbf906f01000000
[2026-09-20 10:36:00,749 I 1112 1740] (gcs_server.exe) gcs_actor_manager.cc:268: Registered actor, job id = 01000000, actor id = f83ae68f9a208768bbbf906f01000000
[2026-09-20 10:36:00,750 I 1112 1740] (gcs_server.exe) gcs_actor_manager.cc:287: Creating actor, job id = 01000000, actor id = f83ae68f9a208768bbbf906f01000000
[2026-09-20 10:36:00,750 I 1112 1740] (gcs_server.exe) gcs_actor_scheduler.cc:312: Start leasing worker from node 1c6decc90a51cb55ac4c35da236143127df0aedad883bbaf35588f96 for actor f83ae68f9a208768bbbf906f01000000, job id = 01000000
[2026-09-20 10:36:01,639 I 1112 1740] (gcs_server.exe) gcs_actor_scheduler.cc:633: Finished leasing worker from 1c6decc90a51cb55ac4c35da236143127df0aedad883bbaf35588f96 for actor f83ae68f9a208768bbbf906f01000000, job id = 01000000
[2026-09-20 10:36:01,639 I 1112 1740] (gcs_server.exe) gcs_actor_scheduler.cc:447: Start creating actor f83ae68f9a208768bbbf906f01000000 on worker 32bab83f0256f295d7d0484729a8c705ed233fd9a62cfd04e4f562f3 at node 1c6decc90a51cb55ac4c35da236143127df0aedad883bbaf35588f96, job id = 01000000
[2026-09-20 10:36:02,119 I 1112 1740] (gcs_server.exe) gcs_actor_manager.cc:798: Actor f83ae68f9a208768bbbf906f01000000 is out of scope, destroying actor, job id = 01000000
[2026-09-20 10:36:02,120 I 1112 1740] (gcs_server.exe) gcs_actor_manager.cc:816: Destroying actor, actor id = f83ae68f9a208768bbbf906f01000000, job id = 01000000
[2026-09-20 10:36:02,121 I 1112 1740] (gcs_server.exe) gcs_actor_manager.cc:303: Finished creating actor, job id = 01000000, actor id = f83ae68f9a208768bbbf906f01000000, status = SchedulingCancelled: Actor creation cancelled.
[2026-09-20 10:36:02,123 I 1112 1740] (gcs_server.exe) gcs_job_manager.cc:87: Finished marking job state, job id = 01000000
[2026-09-20 10:36:02,509 I 1112 1740] (gcs_server.exe) gcs_node_manager.cc:128: Shutting down raylet, node id = 1c6decc90a51cb55ac4c35da236143127df0aedad883bbaf35588f96
[2026-09-20 10:36:02,509 I 1112 1740] (gcs_server.exe) gcs_node_manager.cc:252: Removing node, node id = 1c6decc90a51cb55ac4c35da236143127df0aedad883bbaf35588f96, node name = 127.0.0.1
[2026-09-20 10:36:02,509 I 1112 1740] (gcs_server.exe) gcs_placement_group_manager.cc:767: Node 1c6decc90a51cb55ac4c35da236143127df0aedad883bbaf35588f96 failed, rescheduling the placement groups on the dead node.
[2026-09-20 10:36:02,509 I 1112 1740] (gcs_server.exe) gcs_actor_manager.cc:1048: Node 1c6decc90a51cb55ac4c35da236143127df0aedad883bbaf35588f96 failed, reconstructing actors.
[2026-09-20 10:36:02,509 I 1112 1740] (gcs_server.exe) gcs_job_manager.cc:303: Node 1c6decc90a51cb55ac4c35da236143127df0aedad883bbaf35588f96 failed, mark all jobs from this node as finished
[2026-09-20 10:36:02,524 I 1112 26052] (gcs_server.exe) ray_syncer-inl.h:318: Failed to read the message from: 1c6decc90a51cb55ac4c35da236143127df0aedad883bbaf35588f96
[2026-09-20 10:36:02,524 I 1112 1740] (gcs_server.exe) gcs_node_manager.cc:170: Raylet 1c6decc90a51cb55ac4c35da236143127df0aedad883bbaf35588f96 is drained. Status GrpcUnavailable: RPC Error message: Connection reset; RPC Error details: . The information will be published to the cluster.
[2026-09-20 10:36:02,562 I 1112 1740] (gcs_server.exe) gcs_server_main.cc:111: GCS server received SIGTERM, shutting down...
[2026-09-20 10:36:02,563 I 1112 1740] (gcs_server.exe) gcs_server.cc:272: Stopping GCS server.
[2026-09-20 10:36:02,576 I 1112 1740] (gcs_server.exe) gcs_server.cc:292: GCS server stopped.
[2026-09-20 10:36:02,576 I 1112 1740] (gcs_server.exe) io_service_pool.cc:47: IOServicePool is stopped.
[2026-09-20 10:36:02,756 I 1112 1740] (gcs_server.exe) stats.h:120: Stats module has shutdown.
